// Jest Snapshot v1, https://goo.gl/fbAQLP

exports[`CampaignPeriod renders properly 1`] = `
<div class="container campaign-period-section redbox-withwhiteborder ">
  <v-row-stub tag="div" nogutters="true">
    <v-col-stub cols="12" sm="12" md="4" tag="div">
      <v-row-stub tag="div" nogutters="true" class="logo-title">
        <v-col-stub cols="4" sm="4" md="12" tag="div"><img src="/img/landing/COKE STUDIO.png" class="logo"></v-col-stub>
        <v-col-stub cols="8" sm="8" md="12" tag="div" class="participate-text-container">
          <div class="tagline">test</div>
        </v-col-stub>
      </v-row-stub>
    </v-col-stub>
    <v-col-stub cols="12" sm="12" md="8" tag="div" class="desc-container">
      <div class="periode-container">
        <p>Campaign Period</p>
        <p class="campaign-period">1<sup>st</sup> November 2020 – 11<sup>th</sup> November 2020</p>
      </div>
      <div class="period-desc-container">
        กิจกรรมเปิดจังหวะซ่าในตัวคุณได้สิ้นสุดลงแล้ว ขอบคุณที่สนใจและเข้าร่วมกิจกรรมกับ โค้ก
      </div>
      <v-row-stub tag="div" nogutters="true">
        <v-col-stub cols="12" sm="12" md="4" tag="div">
          <v-row-stub tag="div" nogutters="true" class="center-layout">
            <v-col-stub cols="5" sm="5" md="12" tag="div" class="participate-image-container"><img src="desktop image" class="participate-image"></v-col-stub>
            <v-col-stub cols="7" sm="7" md="12" tag="div" class="participate-text-container"><span>tes</span></v-col-stub>
          </v-row-stub>
        </v-col-stub>
      </v-row-stub>
      <div class="description">tes</div>
    </v-col-stub>
  </v-row-stub>
</div>
`;
