// Jest Snapshot v1, https://goo.gl/fbAQLP

exports[`FaqSection renders properly 1`] = `
<div class="faq-section">
  <sliderheader-stub></sliderheader-stub>
  <div>
    <v-expansion-panels-stub dark="true" activeclass="v-item--active" multiple="true" class="accordions">
      <v-expansion-panel-stub>
        <v-expansion-panel-header-stub expandicon="$expand">questions</v-expansion-panel-header-stub>
        <v-expansion-panel-content-stub>
          answer
        </v-expansion-panel-content-stub>
      </v-expansion-panel-stub>
      <v-expansion-panel-stub>
        <v-expansion-panel-header-stub expandicon="$expand">questions</v-expansion-panel-header-stub>
        <v-expansion-panel-content-stub>
          answer
        </v-expansion-panel-content-stub>
      </v-expansion-panel-stub>
      <v-expansion-panel-stub>
        <v-expansion-panel-header-stub expandicon="$expand">questions</v-expansion-panel-header-stub>
        <v-expansion-panel-content-stub>
          answer
        </v-expansion-panel-content-stub>
      </v-expansion-panel-stub>
    </v-expansion-panels-stub>
  </div>
  <sliderheader-stub></sliderheader-stub>
  <div class="contact-section">
    <p></p>
  </div>
</div>
`;
