// Jest Snapshot v1, https://goo.gl/fbAQLP

exports[`Header renders properly 1`] = `
<header>
  <div><a class="profile-button invisible"><img src="tes" class="profile-image">
      <div class="profile-content">
        <div class="column center">
          <div class="user-coins">30</div>
          <div>coins</div>
        </div>
      </div>
    </a>
    <div class="nav-container">
      <!---->
      <v-expand-transition-stub mode="in-out">
        <v-card-stub loaderheight="4" tag="div" class="mx-auto" style="display: none;">
          <div class="menu-container">
            <div class="wallet-desktop">
              <div class="wallet-swiper">
                <div class="wallet-swiper-item"><img src="image"></div>
                <div class="description bg">
                  <div class="name">test description</div>
                </div>
              </div>
            </div>
            <div class="body-options">
              <div class="language-container"><a href="#" class="">English</a> | <a href="#" class="active">Indonesia</a></div>
              <div class="img-text"><img src="/img/icons/home-icon.png">
                <div><a href="/">Home</a></div>
              </div>
              <div class="img-text"><img src="/img/icons/reward.png">
                <div><a data-nav="rewards">Wallet</a></div>
              </div>
              <div class="img-text"><img src="/img/icons/wallet.png">
                <div><a data-nav="wallet">Wallet</a></div>
              </div>
              <div class="img-text"><img src="/img/icons/account.png">
                <div><a data-nav="account">Wallet</a></div>
              </div>
              <div class="img-text"><img src="/img/icons/help.png">
                <div><a data-nav="help">Wallet</a></div>
              </div>
            </div>
            <div class="tnc-container">
              <p><a> Wallet </a></p>
              <p><a> Wallet</a></p>
              <p class="logout">Wallet</p>
            </div>
          </div>
        </v-card-stub>
      </v-expand-transition-stub>
    </div>
  </div>
</header>
`;
