// Jest Snapshot v1, https://goo.gl/fbAQLP

exports[`Header renders properly 1`] = `
<header>
  <div>
    <!---->
    <div></div>
    <div class="nav-container">
      <!---->
      <v-expand-transition-stub mode="in-out">
        <v-card-stub loaderheight="4" tag="div" class="mx-auto" style="display: none;">
          <div class="menu-container">
            <div class="wallet-desktop">
              <div class="wallet-swiper">
                <div class="wallet-swiper-item"><img src="image"></div>
                <div class="description bg">
                  <div class="name">test description</div>
                </div>
              </div>
            </div>
            <div class="body-options">
              <div class="img-text"><img src="/img/icons/home-icon.png">
                <div><a href="/" id="home">หน้าหลัก</a></div>
              </div>
              <div class="img-text"><img src="/img/icons/wallet.png">
                <div><a data-nav="myrewards" id="myReward">รางวัลของฉัน</a></div>
              </div>
            </div>
            <div class="tnc-container">
              <p><a id="privacy">นโยบายข้อมูลส่วนบุคคล</a></p>
              <p><a id="tnc">งื่อนไขการเข้าร่วมกิจกรรม</a></p>
              <p id="logout" class="logout">ออกจากระบบ</p>
            </div>
          </div>
        </v-card-stub>
      </v-expand-transition-stub>
    </div>
  </div>
</header>
`;
