// Jest Snapshot v1, https://goo.gl/fbAQLP

exports[`HowitWorks renders properly 1`] = `
<div class="container campaign-section">
  <div class="header"></div>
  <div class="howitworks">
    <div class="howitworks-item">
      <div class="howitworks-number">1</div> <img src="desktop image">
      <div>tes</div>
    </div>
  </div>
</div>
`;
