// Jest Snapshot v1, https://goo.gl/fbAQLP

exports[`LoginDetails renders properly 1`] = `
<div class="login-details">
  <div class="title-image"><img src="img/icons/coke.png">
    <p>
      Login
    </p>
  </div>
  <!---->
  <!---->
  <transition-stub name="fade">
    <div class="details">
      <div class="input-container">
        <div class="v-input theme--light v-text-field">
          <div class="v-input__control">
            <div class="v-input__slot">
              <div class="v-text-field__slot"><label for="email" class="v-label theme--light" style="left: 0px; position: absolute;">Email address</label><input name="email" id="email" type="text"></div>
            </div>
            <div class="v-text-field__details">
              <div class="v-messages theme--light">
                <transition-group-stub tag="div" name="message-transition" class="v-messages__wrapper"></transition-group-stub>
              </div>
            </div>
          </div>
        </div> <span class="error-message"></span>
        <div class="v-input theme--light v-text-field">
          <div class="v-input__control">
            <div class="v-input__slot">
              <div class="v-text-field__slot"><label for="password" class="v-label theme--light" style="left: 0px; position: absolute;">Password</label><input name="password" id="password" type="password"></div>
            </div>
            <div class="v-text-field__details">
              <div class="v-messages theme--light">
                <transition-group-stub tag="div" name="message-transition" class="v-messages__wrapper"></transition-group-stub>
              </div>
            </div>
          </div>
        </div> <span class="error-message"></span>
      </div>
      <div class="button-container">
        <!---->
        <div class="btn-area"><a class="button login">Login</a></div>
        <p class="signUp">Sign Up</p>
      </div>
    </div>
  </transition-stub>
</div>
`;
