// Jest Snapshot v1, https://goo.gl/fbAQLP

exports[`MastheadVideo renders properly 1`] = `
<div id="masthead" class="container">
  <section data-v-7bbc3657="" class="vue-responsive-videobg videoBackground" style="height: 100vh;">
    <div data-v-b5717866="" data-v-7bbc3657="" class="video-buffering"></div>
    <transition-stub data-v-229e82cd="" data-v-7bbc3657="" name="fade">
      <div data-v-229e82cd="" class="video-wrapper" style="display: none;"><video data-v-229e82cd="" autoplay="autoplay" playsinline="" loop="loop" preload="auto" style="object-fit: cover;">
          <source data-v-229e82cd="" src="/img/background.mp4" type="video/mp4">
        </video></div>
    </transition-stub>
    <div data-v-ea6e5e6a="" data-v-7bbc3657="" class="video-overlay"></div>
    <div data-v-7bbc3657="" class="videobg-content">
      <div data-v-7bbc3657="" class="masthead-content">
        <h1 data-v-7bbc3657=""> testing</h1>
        <p data-v-7bbc3657=""> hello hellohello hellohello hellohello hellohello hellohello hellohello hellohello hellohello hellohello hellohello hello</p>
      </div>
    </div>
  </section>
</div>
`;
