// Jest Snapshot v1, https://goo.gl/fbAQLP

exports[`PrivacySection renders properly 1`] = `
<div class="privacy-component">
  <div class="privacy-section">
    <div class="primary-section">
      <div class="header"><span>privacy</span>
        <p>12 December 2020</p>
      </div>
      <div class="desc">
        <p>description</p>
      </div>
    </div>
    <div class="logo"><img src="/img/icons/coke.png"></div>
  </div>
  <div class="secondary-section">
    <div class="secondary-component">
      <div class="sub-header">privacy</div>
      <div class="desc">
        <p>description</p>
      </div>
    </div>
    <v-expansion-panels-stub dark="true" activeclass="v-item--active" multiple="true" class="accordions">
      <v-expansion-panel-stub>
        <v-expansion-panel-header-stub expandicon="$expand">privacy</v-expansion-panel-header-stub>
        <v-expansion-panel-content-stub><span>description</span></v-expansion-panel-content-stub>
      </v-expansion-panel-stub>
      <v-expansion-panel-stub>
        <v-expansion-panel-header-stub expandicon="$expand">privacy</v-expansion-panel-header-stub>
        <v-expansion-panel-content-stub><span>description</span></v-expansion-panel-content-stub>
      </v-expansion-panel-stub>
      <v-expansion-panel-stub>
        <v-expansion-panel-header-stub expandicon="$expand">privacy</v-expansion-panel-header-stub>
        <v-expansion-panel-content-stub><span>description</span></v-expansion-panel-content-stub>
      </v-expansion-panel-stub>
    </v-expansion-panels-stub>
  </div>
</div>
`;
