// Jest Snapshot v1, https://goo.gl/fbAQLP

exports[`Prizes renders properly 1`] = `
<div class="container campaign-section" winnners="[object Object]">
  <div class="header">title</div>
  <div>description</div>
  <div class="container">
    <swiper-stub defaultoptions="[object Object]" options="[object Object]" autoupdate="true" autodestroy="true" deleteinstanceondestroy="true" cleanupstylesondestroy="true" class="swiper prize-swiper">
      <swiper-slide-stub class="prize-item"><img src="imageurl">
        <div class="prize-description">Exclusive Prize</div>
      </swiper-slide-stub>
      <div class="prize-swiper-pagination"></div>
    </swiper-stub>
  </div>
  <!---->
</div>
`;
