// Jest Snapshot v1, https://goo.gl/fbAQLP

exports[`Registration renders properly 1`] = `
<div class="registration">
  <h3>title</h3>
  <div class="registration-body">
    <div class="details">
      <div class="input-container">
        <div class="v-input theme--light v-text-field">
          <div class="v-input__control">
            <div class="v-input__slot">
              <div class="v-text-field__slot"><label for="name" class="v-label theme--light" style="right: 0px; position: absolute;">Name</label><input name="name" id="name" type="text"></div>
            </div>
            <div class="v-text-field__details">
              <div class="v-messages theme--light">
                <transition-group-stub tag="div" name="message-transition" class="v-messages__wrapper"></transition-group-stub>
              </div>
            </div>
          </div>
        </div> <span class="error-message"></span>
        <div class="v-input theme--light v-text-field">
          <div class="v-input__control">
            <div class="v-input__slot">
              <div class="v-text-field__slot"><label for="email" class="v-label theme--light" style="right: 0px; position: absolute;">Email address</label><input name="email" id="email" type="text"></div>
            </div>
            <div class="v-text-field__details">
              <div class="v-messages theme--light">
                <transition-group-stub tag="div" name="message-transition" class="v-messages__wrapper"></transition-group-stub>
              </div>
            </div>
          </div>
        </div> <span class="error-message"></span>
        <div class="v-input theme--light v-text-field">
          <div class="v-input__control">
            <div class="v-input__slot">
              <div class="v-text-field__slot"><label for="password" class="v-label theme--light" style="right: 0px; position: absolute;">Password</label><input name="password" id="password" type="password"></div>
            </div>
            <div class="v-text-field__details">
              <div class="v-messages theme--light">
                <transition-group-stub tag="div" name="message-transition" class="v-messages__wrapper"></transition-group-stub>
              </div>
            </div>
          </div>
        </div> <span class="error-message"></span>
        <div class="v-input theme--light v-text-field">
          <div class="v-input__control">
            <div class="v-input__slot">
              <div class="v-text-field__slot"><label for="cpassword" class="v-label theme--light" style="right: 0px; position: absolute;">Confirm password</label><input name="confirm password" id="cpassword" type="password"></div>
            </div>
            <div class="v-text-field__details">
              <div class="v-messages theme--light">
                <transition-group-stub tag="div" name="message-transition" class="v-messages__wrapper"></transition-group-stub>
              </div>
            </div>
          </div>
        </div> <span class="error-message"></span>
      </div>
      <div class="radio-container">
        <div class="v-input theme--light v-input--selection-controls v-input--checkbox">
          <div class="v-input__control">
            <div class="v-input__slot">
              <div class="v-input--selection-controls__input"><i aria-hidden="true" class="v-icon notranslate material-icons theme--light">$checkboxOff</i><input aria-checked="false" id="terms" role="checkbox" type="checkbox" value="">
                <div class="v-input--selection-controls__ripple"></div>
              </div>
            </div>
            <div class="v-messages theme--light">
              <transition-group-stub tag="div" name="message-transition" class="v-messages__wrapper"></transition-group-stub>
            </div>
          </div>
        </div>
        <div class="radio-label"><span></span></div>
      </div>
      <div class="button-container">
        <!---->
        <div class="btn-area"><a class="button register">Register</a></div>
      </div>
    </div>
    <div class="profile-icon"><img src="/img/icons/profile-icon.png">
      <div class="input-area"><input type="file" value="uploadReceipt"></div>
    </div>
  </div>
</div>
`;
