// Jest Snapshot v1, https://goo.gl/fbAQLP

exports[`RewardsCatalogue renders properly 1`] = `
<div class="rewards-catalogue">
  <div class="wallet-desktop">
    <div class="wallet-swiper">
      <div id="0" class="wallet-swiper-item"><img></div>
      <div class="description bg">
        <div class="name">Reward1</div>
        <div class="desc-area">
          <div class="expiry left"><span>10</span> <span>Coins</span></div>
          <div class="btn-area"><a class="button rewards-right">Redeem now</a></div>
        </div>
      </div>
    </div>
  </div>
</div>
`;
