// Jest Snapshot v1, https://goo.gl/fbAQLP

exports[`RewardDetails renders properly 1`] = `
<div class="reward-details">
  <div class="back-icon"><img src="/img/icons/back.png">
    <!---->
  </div>
  <div class="reward-body">
    <div class="title">
      <h3>Reward1</h3>
    </div>
    <p></p>
    <div class="redeem-expiry">
      <h4>Expiry Date</h4>
      <p>shortdescription</p>
    </div>
    <div class="redeem-expiry">
      <h4>How To Redeem</h4>
      <p></p>
    </div>
    <!----> <a class="button rewards-bottom"> Redeem (10 coins)</a>
  </div>
  <div class="image-fluid"><img>
    <!---->
  </div>
</div>
`;
