// Jest Snapshot v1, https://goo.gl/fbAQLP

exports[`SubmissionMechanics renders properly 1`] = `
<div style="width: 100%;">
  <div id="submission-section" class="container campaign-section redbox-withwhiteborder submission-section">
    <div class="divider"><img src="/img/landing/coke line divider.png" width="100%"></div>
    <!---->
    <form-stub data="[object Object]" cmsdata="[object Object]"></form-stub>
  </div>
</div>
`;
