// Jest Snapshot v1, https://goo.gl/fbAQLP

exports[`SubmissionLogin renders properly 1`] = `
<div class="login-box column center mechanics">
  <p class="text-center">ลงทะเบียนกับ "โค้ก" เพื่อร่วมกิจกรรม เปิดจังหวะซ่าในตัวคุณ</p> <a class="social-button fb"><i class="ic ic-fb"></i><span>ล็อกอินผ่าน Facebook</span></a> <a class="social-button line"><i class="ic ic-line"></i><span>ล็อกอินผ่าน LINE</span></a> <a class="social-button google"><i class="ic ic-google"></i><span>ล็อกอินผ่าน Google</span></a>
  <!---->
  <div class="error">
    tes
  </div>
</div>
`;
