// Jest Snapshot v1, https://goo.gl/fbAQLP

exports[`SubmissionLogin renders properly 1`] = `
<div class="login-box column center">
  <p class="text-center">Sign in or register a Coca-Cola <br>account to enter the draw</p> <a class="social-button fb"><i class="ic ic-fb"></i><span>Continue with Facebook</span></a> <a class="social-button line"><i class="ic ic-line"></i><span>Continue with LINE</span></a> <a class="social-button google"><i class="ic ic-google"></i><span>Continue with Google</span></a>
  <!---->
  <div class="error">
    tes
  </div>
</div>
`;
