// Jest Snapshot v1, https://goo.gl/fbAQLP

exports[`TncSection renders properly 1`] = `
<div class="tnc-component">
  <div class="tnc-section">
    <div class="primary-section">
      <div class="header"><span></span>
        <p></p>
      </div>
      <div class="desc">
        <p></p>
        <div class="links">
          <p><a href="#"></a></p>
          <p><a href="#"></a></p>
          <p><a href="#"></a></p>
        </div>
      </div>
    </div>
    <div class="logo"><img src="/img/icons/coke.png"></div>
  </div>
  <div class="secondary-section">
    <div class="secondary-component">
      <div class="sub-header"></div>
      <div class="desc">
        <p></p>
      </div>
    </div>
  </div>
  <div class="secondary-section">
    <div class="secondary-component">
      <div class="sub-header"></div>
      <div class="desc">
        <p></p>
      </div>
    </div>
  </div>
  <div class="secondary-section">
    <div class="secondary-component">
      <div class="sub-header"></div>
      <div class="desc">
        <p></p>
      </div>
    </div>
  </div>
</div>
`;
