// Jest Snapshot v1, https://goo.gl/fbAQLP

exports[`WalletRewards renders properly 1`] = `
<div class="wallet-rewards">
  <div class="slider-header">
    <div class="title">test</div>
  </div>
  <!---->
  <div class="swiper-container swiper wallet-swiper swiper-container-initialized swiper-container-horizontal swiper-container-free-mode">
    <div class="swiper-wrapper" style="webkit-transition-duration: 0ms; transition-duration: 0ms; webkit-transform: translate3d(NaNpx, 0px, 0px); transform: translate3d(NaNpx, 0px, 0px);">
      <div class="wallet-swiper-item swiper-slide"><img src="/img/prize-default.svg">
        <div class="description bg">
          <div class="name">CCA-coin</div>
          <div class="expiry"><span>NaN</span> <span>days left</span></div>
        </div>
      </div>
      <div class="wallet-swiper-item swiper-slide"><img src="/img/prize-default.svg">
        <div class="description bg">
          <div class="name">CCA-coin</div>
          <div class="expiry"><span>NaN</span> <span>days left</span></div>
        </div>
      </div>
      <div class="wallet-swiper-item swiper-slide"><img src="/img/prize-default.svg">
        <div class="description bg">
          <div class="name">CCA-coin</div>
          <div class="expiry"><span>NaN</span> <span>days left</span></div>
        </div>
      </div>
    </div>
    <div class="prize-swiper-pagination"></div><span class="swiper-notification" aria-live="assertive" aria-atomic="true"></span>
  </div>
  <!---->
</div>
`;
