// Jest Snapshot v1, https://goo.gl/fbAQLP

exports[`WalletTransactions renders properly 1`] = `
<div class="wallet-coins">
  <sliderheader-stub>Coin Transactions</sliderheader-stub>
  <div class="wallet-desktop">
    <div class="wallet-swiper">
      <div class="description bg">
        <div class="name">05 Nov 2019</div>
        <div class="collected"><span>Manchester United</span> <span class="negative">10 points</span></div>
      </div>
    </div>
  </div> <a disabled="disabled" class="button center">View all</a>
</div>
`;
