// Jest Snapshot v1, https://goo.gl/fbAQLP

exports[`WinnerDetails renders properly 1`] = `
<div class="winner-details">
  <div class="image-fluid">
    <!---->
  </div>
  <div class="close-icon"><img src="/img/icons/close.png"></div>
  <div class="winner-body">
    <div class="title">
      <h3>WINNER LIST</h3>
    </div>
    <div class="first-box box">
      <div class="week">
        Week 2
      </div>
      <div class="date">
        2020-12-01 - 2020-12-15
      </div>
    </div>
    <div class="two-container">
      <div class="second-box box">
        <div class="week">
          Week 1
        </div>
        <div class="date">
          2020-12-01 - 2020-12-15
        </div>
      </div>
    </div>
    <!---->
  </div>
</div>
`;
