// Jest Snapshot v1, https://goo.gl/fbAQLP

exports[`Header renders properly 1`] = `
<header>
  <div><a class="profile-button invisible">
      <!---->
      <div class="profile-content">Sign in</div>
    </a>
    <div class="nav-container">
      <!---->
      <v-expand-transition-stub mode="in-out">
        <!---->
      </v-expand-transition-stub>
    </div>
  </div>
</header>
`;
