// Jest Snapshot v1, https://goo.gl/fbAQLP

exports[`login renders properly 1`] = `
<div id="main" class="login">
  <div class="close"><img src="/img/icons/close.png"></div>
  <div class="wrapper">
    <div class="container">
      <div class="login-details">
        <div class="title-image"><img src="img/icons/coke.png">
          <p>
            Sign up with us and gain access to our rewards catalogue where you can redeem prizes.
          </p>
        </div>
        <!---->
        <!---->
        <transition-stub name="fade">
          <div class="details">
            <div class="input-container">
              <div class="v-input theme--light v-text-field">
                <div class="v-input__control">
                  <div class="v-input__slot">
                    <div class="v-text-field__slot"><label for="input-31" class="v-label theme--light" style="right: 0px; position: absolute;">Email address</label><input name="email" id="input-31" type="text"></div>
                  </div>
                  <div class="v-text-field__details">
                    <div class="v-messages theme--light">
                      <transition-group-stub tag="div" name="message-transition" class="v-messages__wrapper"></transition-group-stub>
                    </div>
                  </div>
                </div>
              </div> <span class="error-message"></span>
              <div class="v-input theme--light v-text-field">
                <div class="v-input__control">
                  <div class="v-input__slot">
                    <div class="v-text-field__slot"><label for="input-34" class="v-label theme--light" style="right: 0px; position: absolute;">Password</label><input name="password" id="input-34" type="password"></div>
                  </div>
                  <div class="v-text-field__details">
                    <div class="v-messages theme--light">
                      <transition-group-stub tag="div" name="message-transition" class="v-messages__wrapper"></transition-group-stub>
                    </div>
                  </div>
                </div>
              </div> <span class="error-message"></span>
            </div>
            <div class="button-container">
              <!---->
              <div class="btn-area"><a class="button">Login</a></div>
              <p>Sign Up</p>
            </div>
          </div>
        </transition-stub>
      </div>
    </div>
  </div>
</div>
`;
