// Jest Snapshot v1, https://goo.gl/fbAQLP

exports[`register renders properly 1`] = `
<div id="main" class="register">
  <div class="wrapper">
    <div class="container">
      <div class="registration">
        <h3>Register for an account</h3>
        <div class="registration-body">
          <div class="details">
            <div class="input-container">
              <div class="v-input theme--light v-text-field">
                <div class="v-input__control">
                  <div class="v-input__slot">
                    <div class="v-text-field__slot"><label for="input-48" class="v-label theme--light" style="right: 0px; position: absolute;">Name</label><input name="name" id="input-48" type="text"></div>
                  </div>
                  <div class="v-text-field__details">
                    <div class="v-messages theme--light">
                      <transition-group-stub tag="div" name="message-transition" class="v-messages__wrapper"></transition-group-stub>
                    </div>
                  </div>
                </div>
              </div> <span class="error-message"></span>
              <div class="v-input theme--light v-text-field">
                <div class="v-input__control">
                  <div class="v-input__slot">
                    <div class="v-text-field__slot"><label for="input-51" class="v-label theme--light" style="right: 0px; position: absolute;">Email address</label><input name="email" id="input-51" type="text"></div>
                  </div>
                  <div class="v-text-field__details">
                    <div class="v-messages theme--light">
                      <transition-group-stub tag="div" name="message-transition" class="v-messages__wrapper"></transition-group-stub>
                    </div>
                  </div>
                </div>
              </div> <span class="error-message"></span>
              <div class="v-input theme--light v-text-field">
                <div class="v-input__control">
                  <div class="v-input__slot">
                    <div class="v-text-field__slot"><label for="input-54" class="v-label theme--light" style="right: 0px; position: absolute;">Password</label><input name="password" id="input-54" type="password"></div>
                  </div>
                  <div class="v-text-field__details">
                    <div class="v-messages theme--light">
                      <transition-group-stub tag="div" name="message-transition" class="v-messages__wrapper"></transition-group-stub>
                    </div>
                  </div>
                </div>
              </div> <span class="error-message"></span>
              <div class="v-input theme--light v-text-field">
                <div class="v-input__control">
                  <div class="v-input__slot">
                    <div class="v-text-field__slot"><label for="input-57" class="v-label theme--light" style="right: 0px; position: absolute;">Confirm password</label><input name="confirm password" id="input-57" type="password"></div>
                  </div>
                  <div class="v-text-field__details">
                    <div class="v-messages theme--light">
                      <transition-group-stub tag="div" name="message-transition" class="v-messages__wrapper"></transition-group-stub>
                    </div>
                  </div>
                </div>
              </div> <span class="error-message"></span>
            </div>
            <div class="radio-container">
              <div class="v-input theme--light v-input--selection-controls v-input--checkbox">
                <div class="v-input__control">
                  <div class="v-input__slot">
                    <div class="v-input--selection-controls__input"><i aria-hidden="true" class="v-icon notranslate material-icons theme--light">$checkboxOff</i><input aria-checked="false" id="input-60" role="checkbox" type="checkbox" value="">
                      <div class="v-input--selection-controls__ripple"></div>
                    </div>
                  </div>
                  <div class="v-messages theme--light">
                    <transition-group-stub tag="div" name="message-transition" class="v-messages__wrapper"></transition-group-stub>
                  </div>
                </div>
              </div>
              <div class="radio-label"><span>- - I accept the <a href="/tnc">Terms and Conditions</a> &amp; <a href="/privacy">Privacy Policy</a> for sign up.</span></div>
            </div>
            <div class="button-container">
              <!---->
              <div class="btn-area"><a class="button">Register</a></div>
            </div>
          </div>
          <div class="profile-icon"><img src="/img/icons/profile-icon.png">
            <div class="input-area"><input type="file" value="uploadReceipt"></div>
          </div>
        </div>
      </div>
    </div>
  </div>
</div>
`;
