// Jest Snapshot v1, https://goo.gl/fbAQLP

exports[`rewards renders properly 1`] = `
<div id="main" class="rewards">
  <div class="wrapper">
    <div class="container">
      <div class="header"><span class="title">Rewards</span>
        <div class="selections"></div>
      </div>
      <div class="rewards-catalogue">
        <div class="wallet-desktop"></div>
      </div>
    </div>
  </div>
</div>
`;
