// Jest Snapshot v1, https://goo.gl/fbAQLP

exports[`wallet renders properly 1`] = `
<div id="main" class="wallet">
  <div class="wrapper">
    <div class="container">
      <div class="header">My wallet</div>
      <div class="wallet-rewards">
        <div class="slider-header">
          <div class="title">Rewards</div>
        </div>
        <!---->
        <!---->
        <!---->
      </div>
      <div class="wallet-coins">
        <div class="slider-header">
          <div class="title">Coin Transactions</div>
        </div>
        <div class="wallet-desktop">
          <div class="wallet-swiper">
            <div class="description bg">
              <div class="name">05 Nov 2019</div>
              <div class="collected"><span>Manchester United</span> <span class="negative">30 points</span></div>
            </div>
          </div>
          <div class="wallet-swiper">
            <div class="description bg">
              <div class="name">05 Nov 2019</div>
              <div class="collected"><span>Manchester United</span> <span class="negative">0 points</span></div>
            </div>
          </div>
        </div> <a disabled="disabled" class="button center">View all</a>
      </div>
    </div>
  </div>
</div>
`;
