// Jest Snapshot v1, https://goo.gl/fbAQLP

exports[`winners renders properly 1`] = `
<div id="main" class="winner-detail">
  <div class="wrapper">
    <div class="winner-details">
      <div class="image-fluid"><img src="https://test-015665-java-cloudfronts3content-d25392n5j4ow.s3.ap-southeast-1.amazonaws.com/winner_c8a161ff14.png"></div>
      <div class="close-icon"><img src="/img/icons/close.png"></div>
      <div class="winner-body">
        <div class="title">
          <h3>WINNER LIST</h3>
        </div>
        <div class="first-box box">
          <div class="week">
            Week 4
          </div>
          <div class="date">
            12/1/21 - 19/1/21
          </div>
        </div>
        <div class="two-container">
          <div class="second-box box">
            <div class="week">
              Week 3
            </div>
            <div class="date">
              4/1/21 - 11/1/21
            </div>
          </div>
          <div class="second-box box">
            <div class="week">
              Week 2
            </div>
            <div class="date">
              27/12/20 - 3/1/21
            </div>
          </div>
        </div>
        <div class="two-container">
          <div class="second-box box">
            <div class="week">
              Week 1
            </div>
            <div class="date">
              19/12/20 - 26/12/20
            </div>
          </div>
        </div>
        <!---->
      </div>
    </div>
  </div>
</div>
`;
